[demo.w3layouts.com/demosWTR/Freedom/25-04-2020/hr-crew-freedom-demo_Free/422566165/web/index.html]
[backblue.gif]
[fade.gif]
[index.html]
[demo.w3layouts.com/demosWTR/Freedom/25-04-2020/hr-crew-freedom-demo_Free/422566165/web/assets/css/style-freedom.css]
[m.servedby-buysellads.com/monetization.js]
[demo.w3layouts.com/js/autotrack.js]
[demo.w3layouts.com/assests/css/font-awesome.min.css]
[demo.w3layouts.com/demosWTR/Freedom/25-04-2020/hr-crew-freedom-demo_Free/422566165/web/about.html]
[demo.w3layouts.com/demosWTR/Freedom/25-04-2020/hr-crew-freedom-demo_Free/422566165/web/services.html]
[demo.w3layouts.com/demosWTR/Freedom/25-04-2020/hr-crew-freedom-demo_Free/422566165/web/job-single.html]
[demo.w3layouts.com/demosWTR/Freedom/25-04-2020/hr-crew-freedom-demo_Free/422566165/web/team.html]
[demo.w3layouts.com/demosWTR/Freedom/25-04-2020/hr-crew-freedom-demo_Free/422566165/web/team-single.html]
[demo.w3layouts.com/demosWTR/Freedom/25-04-2020/hr-crew-freedom-demo_Free/422566165/web/candidate.html]
[demo.w3layouts.com/demosWTR/Freedom/25-04-2020/hr-crew-freedom-demo_Free/422566165/web/candidate-single.html]
[demo.w3layouts.com/demosWTR/Freedom/25-04-2020/hr-crew-freedom-demo_Free/422566165/web/timeline.html]
[demo.w3layouts.com/demosWTR/Freedom/25-04-2020/hr-crew-freedom-demo_Free/422566165/web/faq.html]
[demo.w3layouts.com/demosWTR/Freedom/25-04-2020/hr-crew-freedom-demo_Free/422566165/web/coming-soon.html]
[demo.w3layouts.com/demosWTR/Freedom/25-04-2020/hr-crew-freedom-demo_Free/422566165/web/error.html]
[demo.w3layouts.com/demosWTR/Freedom/25-04-2020/hr-crew-freedom-demo_Free/422566165/web/search-results.html]
[demo.w3layouts.com/demosWTR/Freedom/25-04-2020/hr-crew-freedom-demo_Free/422566165/web/email-template.html]
[demo.w3layouts.com/demosWTR/Freedom/25-04-2020/hr-crew-freedom-demo_Free/422566165/web/blog.html]
[demo.w3layouts.com/demosWTR/Freedom/25-04-2020/hr-crew-freedom-demo_Free/422566165/web/blog-single.html]
[demo.w3layouts.com/demosWTR/Freedom/25-04-2020/hr-crew-freedom-demo_Free/422566165/web/login.html]
[demo.w3layouts.com/demosWTR/Freedom/25-04-2020/hr-crew-freedom-demo_Free/422566165/web/signup.html]
[demo.w3layouts.com/demosWTR/Freedom/25-04-2020/hr-crew-freedom-demo_Free/422566165/web/contact.html]
[demo.w3layouts.com/demosWTR/Freedom/25-04-2020/hr-crew-freedom-demo_Free/422566165/web/pricing.html]
[demo.w3layouts.com/demosWTR/Freedom/25-04-2020/hr-crew-freedom-demo_Free/422566165/web/jobs.html]
[demo.w3layouts.com/demosWTR/Freedom/25-04-2020/hr-crew-freedom-demo_Free/422566165/web/assets/images/job1.png]
[demo.w3layouts.com/demosWTR/Freedom/25-04-2020/hr-crew-freedom-demo_Free/422566165/web/assets/images/job2.png]
[demo.w3layouts.com/demosWTR/Freedom/25-04-2020/hr-crew-freedom-demo_Free/422566165/web/assets/images/job3.png]
[demo.w3layouts.com/demosWTR/Freedom/25-04-2020/hr-crew-freedom-demo_Free/422566165/web/assets/images/job4.png]
[demo.w3layouts.com/demosWTR/Freedom/25-04-2020/hr-crew-freedom-demo_Free/422566165/web/assets/js/jquery-3.3.1.min.js]
[demo.w3layouts.com/demosWTR/Freedom/25-04-2020/hr-crew-freedom-demo_Free/422566165/web/assets/images/b5.jpg]
[demo.w3layouts.com/demosWTR/Freedom/25-04-2020/hr-crew-freedom-demo_Free/422566165/web/assets/images/blog1.jpg]
[demo.w3layouts.com/demosWTR/Freedom/25-04-2020/hr-crew-freedom-demo_Free/422566165/web/assets/images/blog2.jpg]
[demo.w3layouts.com/demosWTR/Freedom/25-04-2020/hr-crew-freedom-demo_Free/422566165/web/assets/images/blog3.jpg]
[demo.w3layouts.com/demosWTR/Freedom/25-04-2020/hr-crew-freedom-demo_Free/422566165/web/assets/images/mobile.jpg]
[demo.w3layouts.com/demosWTR/Freedom/25-04-2020/hr-crew-freedom-demo_Free/422566165/web/assets/images/googleplay.png]
[demo.w3layouts.com/demosWTR/Freedom/25-04-2020/hr-crew-freedom-demo_Free/422566165/web/assets/images/appstore.png]
[demo.w3layouts.com/demosWTR/Freedom/25-04-2020/hr-crew-freedom-demo_Free/422566165/web/index.html]
[a.vdo.ai/core/v-w3layouts/vdo.ai.js]
[demo.w3layouts.com/demosWTR/Freedom/25-04-2020/hr-crew-freedom-demo_Free/422566165/web/assets/fonts/fontawesome-webfont3e6e.eot]
[demo.w3layouts.com/demosWTR/Freedom/25-04-2020/hr-crew-freedom-demo_Free/422566165/web/assets/fonts/fontawesome-webfontd41d.eot]
[demo.w3layouts.com/demosWTR/Freedom/25-04-2020/hr-crew-freedom-demo_Free/422566165/web/assets/fonts/fontawesome-webfont3e6e.woff2]
[demo.w3layouts.com/demosWTR/Freedom/25-04-2020/hr-crew-freedom-demo_Free/422566165/web/assets/fonts/fontawesome-webfont3e6e.woff]
[demo.w3layouts.com/demosWTR/Freedom/25-04-2020/hr-crew-freedom-demo_Free/422566165/web/assets/fonts/fontawesome-webfont3e6e.ttf]
[demo.w3layouts.com/demosWTR/Freedom/25-04-2020/hr-crew-freedom-demo_Free/422566165/web/assets/images/banner.jpg]
[demo.w3layouts.com/demosWTR/Freedom/25-04-2020/hr-crew-freedom-demo_Free/422566165/web/assets/fonts/fontawesome-webfont3e6e.svg]
[demo.w3layouts.com/demosWTR/Freedom/25-04-2020/hr-crew-freedom-demo_Free/422566165/web/assets/images/down.png]
[demo.w3layouts.com/demosWTR/Freedom/25-04-2020/hr-crew-freedom-demo_Free/422566165/web/assets/images/banner1.jpg]
[demo.w3layouts.com/demosWTR/Freedom/25-04-2020/hr-crew-freedom-demo_Free/422566165/web/assets/images/b3.jpg]
[demo.w3layouts.com/demosWTR/Freedom/25-04-2020/hr-crew-freedom-demo_Free/422566165/web/assets/images/b0.jpg]
[demo.w3layouts.com/demosWTR/Freedom/25-04-2020/hr-crew-freedom-demo_Free/422566165/web/assets/images/candidate-banner.jpg]
[demo.w3layouts.com/demosWTR/Freedom/25-04-2020/hr-crew-freedom-demo_Free/422566165/web/assets/images/error.jpg]
[demo.w3layouts.com/demosWTR/Freedom/25-04-2020/hr-crew-freedom-demo_Free/422566165/web/assets/images/coming.jpg]
[demo.w3layouts.com/demosWTR/Freedom/25-04-2020/hr-crew-freedom-demo_Free/422566165/web/assets/css/style-freedom.css]
[demo.w3layouts.com/assests/css/font-awesome.min.css]
[ajax.googleapis.com/ajax/libs/jquery/1.10.2/jquery.min.js]
[demo.w3layouts.com/demosWTR/Freedom/25-04-2020/hr-crew-freedom-demo_Free/422566165/web/assets/images/e1.jpg]
[demo.w3layouts.com/demosWTR/Freedom/25-04-2020/hr-crew-freedom-demo_Free/422566165/web/assets/images/e2.jpg]
[demo.w3layouts.com/demosWTR/Freedom/25-04-2020/hr-crew-freedom-demo_Free/422566165/web/assets/images/e3.jpg]
[demo.w3layouts.com/demosWTR/Freedom/25-04-2020/hr-crew-freedom-demo_Free/422566165/web/about.html]
[demo.w3layouts.com/demosWTR/Freedom/25-04-2020/hr-crew-freedom-demo_Free/422566165/web/services.html]
[demo.w3layouts.com/demosWTR/Freedom/25-04-2020/hr-crew-freedom-demo_Free/422566165/web/job-single.html]
[demo.w3layouts.com/demosWTR/Freedom/25-04-2020/hr-crew-freedom-demo_Free/422566165/web/w3l-blog-single.html]
[demo.w3layouts.com/demosWTR/Freedom/25-04-2020/hr-crew-freedom-demo_Free/422566165/web/team]
[demo.w3layouts.com/demosWTR/Freedom/25-04-2020/hr-crew-freedom-demo_Free/422566165/web/assets/images/e4.jpg]
[demo.w3layouts.com/demosWTR/Freedom/25-04-2020/hr-crew-freedom-demo_Free/422566165/web/assets/images/e5.jpg]
[demo.w3layouts.com/demosWTR/Freedom/25-04-2020/hr-crew-freedom-demo_Free/422566165/web/assets/images/e6.jpg]
[demo.w3layouts.com/demosWTR/Freedom/25-04-2020/hr-crew-freedom-demo_Free/422566165/web/assets/images/c1.jpg]
[demo.w3layouts.com/demosWTR/Freedom/25-04-2020/hr-crew-freedom-demo_Free/422566165/web/assets/images/c2.jpg]
[demo.w3layouts.com/demosWTR/Freedom/25-04-2020/hr-crew-freedom-demo_Free/422566165/web/assets/images/c3.jpg]
[demo.w3layouts.com/demosWTR/Freedom/25-04-2020/hr-crew-freedom-demo_Free/422566165/web/team.html]
[demo.w3layouts.com/demosWTR/Freedom/25-04-2020/hr-crew-freedom-demo_Free/422566165/web/assets/images/employer1.jpg]
[demo.w3layouts.com/demosWTR/Freedom/25-04-2020/hr-crew-freedom-demo_Free/422566165/web/team-single.html]
[demo.w3layouts.com/demosWTR/Freedom/25-04-2020/hr-crew-freedom-demo_Free/422566165/web/assets/images/c5.jpg]
[demo.w3layouts.com/demosWTR/Freedom/25-04-2020/hr-crew-freedom-demo_Free/422566165/web/assets/images/c6.jpg]
[demo.w3layouts.com/demosWTR/Freedom/25-04-2020/hr-crew-freedom-demo_Free/422566165/web/assets/images/c7.jpg]
[demo.w3layouts.com/demosWTR/Freedom/25-04-2020/hr-crew-freedom-demo_Free/422566165/web/assets/images/c4.jpg]
[demo.w3layouts.com/demosWTR/Freedom/25-04-2020/hr-crew-freedom-demo_Free/422566165/web/candidate.html]
[demo.w3layouts.com/demosWTR/Freedom/25-04-2020/hr-crew-freedom-demo_Free/422566165/web/assets/images/candidate1.jpg]
[demo.w3layouts.com/demosWTR/Freedom/25-04-2020/hr-crew-freedom-demo_Free/422566165/web/assets/images/blog4.jpg]
[demo.w3layouts.com/demosWTR/Freedom/25-04-2020/hr-crew-freedom-demo_Free/422566165/web/assets/images/blog5.jpg]
[demo.w3layouts.com/demosWTR/Freedom/25-04-2020/hr-crew-freedom-demo_Free/422566165/web/assets/images/blog6.jpg]
[demo.w3layouts.com/demosWTR/Freedom/25-04-2020/hr-crew-freedom-demo_Free/422566165/web/assets/images/blog7.jpg]
[demo.w3layouts.com/demosWTR/Freedom/25-04-2020/hr-crew-freedom-demo_Free/422566165/web/candidate-single.html]
[demo.w3layouts.com/demosWTR/Freedom/25-04-2020/hr-crew-freedom-demo_Free/422566165/web/timeline.html]
[demo.w3layouts.com/demosWTR/Freedom/25-04-2020/hr-crew-freedom-demo_Free/422566165/web/faq.html]
[demo.w3layouts.com/demosWTR/Freedom/25-04-2020/hr-crew-freedom-demo_Free/422566165/web/coming-soon.html]
[demo.w3layouts.com/demosWTR/Freedom/25-04-2020/hr-crew-freedom-demo_Free/422566165/web/error.html]
[demo.w3layouts.com/demosWTR/Freedom/25-04-2020/hr-crew-freedom-demo_Free/422566165/web/search-results.html]
[demo.w3layouts.com/demosWTR/Freedom/25-04-2020/hr-crew-freedom-demo_Free/422566165/web/assets/images/blog8.jpg]
[demo.w3layouts.com/demosWTR/Freedom/25-04-2020/hr-crew-freedom-demo_Free/422566165/web/assets/images/blog9.jpg]
[demo.w3layouts.com/demosWTR/Freedom/25-04-2020/hr-crew-freedom-demo_Free/422566165/web/assets/images/ef1.png]
[demo.w3layouts.com/demosWTR/Freedom/25-04-2020/hr-crew-freedom-demo_Free/422566165/web/assets/images/ef2.png]
[demo.w3layouts.com/demosWTR/Freedom/25-04-2020/hr-crew-freedom-demo_Free/422566165/web/assets/images/ef3.png]
[demo.w3layouts.com/demosWTR/Freedom/25-04-2020/hr-crew-freedom-demo_Free/422566165/web/email-template.html]
[demo.w3layouts.com/demosWTR/Freedom/25-04-2020/hr-crew-freedom-demo_Free/422566165/web/blog.html]
[demo.w3layouts.com/demosWTR/Freedom/25-04-2020/hr-crew-freedom-demo_Free/422566165/web/blog-single.html]
[demo.w3layouts.com/demosWTR/Freedom/25-04-2020/hr-crew-freedom-demo_Free/422566165/web/login.html]
[demo.w3layouts.com/demosWTR/Freedom/25-04-2020/hr-crew-freedom-demo_Free/422566165/assets/js/jquery-3.3.1.min.js]
[demo.w3layouts.com/demosWTR/Freedom/25-04-2020/hr-crew-freedom-demo_Free/422566165/web/signup.html]
[demo.w3layouts.com/demosWTR/Freedom/25-04-2020/hr-crew-freedom-demo_Free/422566165/web/contact.html]
[demo.w3layouts.com/demosWTR/Freedom/25-04-2020/hr-crew-freedom-demo_Free/422566165/web/pricing.html]
[demo.w3layouts.com/demosWTR/Freedom/25-04-2020/hr-crew-freedom-demo_Free/422566165/web/jobs.html]
[demo.w3layouts.com/demosWTR/Freedom/25-04-2020/hr-crew-freedom-demo_Free/422566165/web/assets/fonts/fontawesome-webfont3e6e.svg]
[demo.w3layouts.com/demosWTR/Freedom/25-04-2020/hr-crew-freedom-demo_Free/422566165/web/assets/images/b3.html]
[www.google-analytics.com/analytics.js]
[demo.w3layouts.com/demosWTR/Freedom/25-04-2020/hr-crew-freedom-demo_Free/422566165/web/w3l-blog-single.html]
[demo.w3layouts.com/demosWTR/Freedom/25-04-2020/hr-crew-freedom-demo_Free/422566165/web/team-2.html]
[demo.w3layouts.com/demosWTR/Freedom/25-04-2020/hr-crew-freedom-demo_Free/422566165/assets/js/jquery-3.3.1.min.html]
[codefund.io/properties/441/funder.js]
[cdn.fancybar.net/ac/fancybar6a2f.js]
